smartctl 6.3 2014-07-26 r3976 [FreeBSD 10.1-RELEASE-p6 amd64] (local build)
Copyright (C) 2002-14, Bruce Allen, Christian Franke, www.smartmontools.org

=== START OF INFORMATION SECTION ===
Vendor:               HP
Product:              EG0300FAWHV
Revision:             HPDF
User Capacity:        300,000,000,000 bytes [300 GB]
Logical block size:   512 bytes
Rotation Rate:        10000 rpm
Form Factor:          2.5 inches
Logical Unit id:      0x5000c500095cde7b
Serial number:        3SE2ATPQ000090119ESW
Device type:          disk
Transport protocol:   SAS (SPL-3)
Local Time is:        Thu Mar 26 01:18:50 2015 PDT
SMART support is:     Available - device has SMART capability.
SMART support is:     Enabled
Temperature Warning:  Enabled

=== START OF READ SMART DATA SECTION ===
SMART Health Status: OK

Current Drive Temperature:     22 C
Drive Trip Temperature:        65 C

Elements in grown defect list: 0

Vendor (Seagate) cache information
  Blocks sent to initiator = 4062207511
  Blocks received from initiator = 3118030565
  Blocks read from cache and sent to initiator = 795350033
  Number of read and write commands whose size <= segment size = 402073144
  Number of read and write commands whose size > segment size = 0

Vendor (Seagate/Hitachi) factory information
  number of hours powered up = 34517.43
  number of minutes until next internal SMART test = 59

Error counter log:
           Errors Corrected by           Total   Correction     Gigabytes    Total
               ECC          rereads/    errors   algorithm      processed    uncorrected
           fast | delayed   rewrites  corrected  invocations   [10^9 bytes]  errors
read:          0        0         0  339408603          0      78891.045           0
write:         0        0         0         0          0      14879.327           0
verify:        0        0         0         0          0          0.000           0

Non-medium error count:        0

SMART Self-test log
Num  Test              Status                 segment  LifeTime  LBA_first_err [SK ASC ASQ]
     Description                              number   (hours)
# 1  Background short  Completed                   -   34517                 - [-   -    -]
# 2  Background short  Completed                   -      13                 - [-   -    -]
# 3  Background short  Completed                   -       3                 - [-   -    -]

Long (extended) Self Test duration: 3070 seconds [51.2 minutes]

